// Jest Snapshot v1, https://goo.gl/fbAQLP

exports[`Authentication renders correctly 1`] = `
<div>
  <div
    class="container"
  >
    <h3
      class="m-4"
    >
      Join our community.
    </h3>
    <div
      class="d-flex flex-column"
    >
      <form>
        <div
          class="form-outline mb-4"
        >
          <input
            class="form-control"
            id="email"
            placeholder="Email"
            type="email"
            value=""
          />
        </div>
        <div
          class="form-outline mb-4"
        >
          <input
            class="form-control"
            id="password"
            placeholder="Password"
            type="password"
            value=""
          />
        </div>
        <div
          class="form-outline mb-4"
        >
          <input
            class="form-control"
            id="password-confirmation"
            placeholder="Confirm password"
            type="password"
            value=""
          />
        </div>
        <div
          class="d-flex justify-content-center"
        >
          <button
            class="btn btn-success mb-4"
            type="submit"
          >
            Sign Up
          </button>
        </div>
      </form>
      <p
        class="mt-4 align-self-center"
      >
        Already Have an Account?
      </p>
      <button
        class="btn btn-success align-self-center"
        type="button"
      >
        Sign In
      </button>
    </div>
  </div>
</div>
`;
